{"data":[{"id":"branch-1","type":"branches","attributes":{"name":"Branch 1"},"relationships":{"media":{"data":[{"type":"media","id":"1","meta":{}}],"meta":{},"links":{}}},"meta":{},"links":{}},{"id":"branch-2","type":"branches","attributes":{"name":"Branch 2"},"relationships":{"media":{"data":[{"type":"media","id":"2","meta":{}}],"meta":{},"links":{}}},"meta":{},"links":{}},{"id":"branch-3","type":"branches","attributes":{"name":"Branch 3"},"relationships":{"media":{"data":[{"type":"media","id":"3","meta":{}}],"meta":{},"links":{}}},"meta":{},"links":{}}],"links":{"first":"http:\/\/test-app\/api\/branches?include=media&page%5Bnumber%5D=1","last":"http:\/\/test-app\/api\/branches?include=media&page%5Bnumber%5D=1"},"meta":{"current_page":1,"from":1,"last_page":1,"links":[{"url":null,"label":"&laquo; Previous","active":false},{"url":"http:\/\/test-app\/api\/branches?include=media&page%5Bnumber%5D=1","label":"1","active":true},{"url":null,"label":"Next &raquo;","active":false}],"path":"http:\/\/test-app\/api\/branches","per_page":30,"to":3,"total":3},"included":[{"id":"1","type":"media","attributes":{"collection_name":"image","file_name":"1-800x600.jpg","custom_properties":[],"generated_conversions":{"list":"http:\/\/test-app\/storage\/media\/1\/conversions\/1-800x600-list.jpg","thumb":"http:\/\/test-app\/storage\/media\/1\/conversions\/1-800x600-thumb.jpg"},"type":"image"},"relationships":{},"meta":{},"links":{}},{"id":"2","type":"media","attributes":{"collection_name":"image","file_name":"1-800x600.jpg","custom_properties":[],"generated_conversions":{"list":"http:\/\/test-app\/storage\/media\/2\/conversions\/1-800x600-list.jpg","thumb":"http:\/\/test-app\/storage\/media\/2\/conversions\/1-800x600-thumb.jpg"},"type":"image"},"relationships":{},"meta":{},"links":{}},{"id":"3","type":"media","attributes":{"collection_name":"image","file_name":"1-800x600.jpg","custom_properties":[],"generated_conversions":{"list":"http:\/\/test-app\/storage\/media\/3\/conversions\/1-800x600-list.jpg","thumb":"http:\/\/test-app\/storage\/media\/3\/conversions\/1-800x600-thumb.jpg"},"type":"image"},"relationships":{},"meta":{},"links":{}}],"jsonapi":{"version":"1.0","meta":{}}}