{"data":{"id":"test-name","type":"categories","attributes":{"name":"test name","description":"test description"},"relationships":{"media":{"data":[{"type":"media","id":"2","meta":{}}],"meta":{},"links":{}}},"meta":{},"links":{}},"included":[{"id":"2","type":"media","attributes":{"collection_name":"image","file_name":"1-800x600.jpg","custom_properties":[],"generated_conversions":{"list":"http:\/\/test-app\/storage\/media\/2\/conversions\/1-800x600-list.jpg","thumb":"http:\/\/test-app\/storage\/media\/2\/conversions\/1-800x600-thumb.jpg"},"type":"image"},"relationships":{},"meta":{},"links":{}}],"jsonapi":{"version":"1.0","meta":{}}}