{"data":{"id":"test-name","type":"categories","attributes":{"name":"test name","description":"test description"},"relationships":{"products":{"data":[{"type":"products","id":"samsung-galaxy-s21","meta":{}}],"meta":{},"links":{}}},"meta":{},"links":{}},"included":[{"id":"samsung-galaxy-s21","type":"products","attributes":{"parent_sku":"sku sample","name":"Samsung Galaxy S21","description":"sample description","status":"in-stock"},"relationships":{},"meta":{},"links":{}}],"jsonapi":{"version":"1.0","meta":{}}}