{"data":{"id":"test-name","type":"categories","attributes":{"name":"test name","description":"test description"},"relationships":{"products":{"data":[{"type":"products","id":"samsung-galaxy-s21","meta":{}}],"meta":{},"links":{}}},"meta":{},"links":{}},"included":[{"id":"samsung-galaxy-s21","type":"products","attributes":{"parent_sku":"sku sample","name":"Samsung Galaxy S21","description":"sample description","status":"in-stock"},"relationships":{"media":{"data":[{"type":"media","id":"6","meta":{}}],"meta":{},"links":{}}},"meta":{},"links":{}},{"id":"6","type":"media","attributes":{"collection_name":"image","file_name":"1-800x600.jpg","custom_properties":[],"generated_conversions":{"list":"http:\/\/test-app\/storage\/media\/6\/conversions\/1-800x600-list.jpg","thumb":"http:\/\/test-app\/storage\/media\/6\/conversions\/1-800x600-thumb.jpg"},"type":"image"},"relationships":{},"meta":{},"links":{}}],"jsonapi":{"version":"1.0","meta":{}}}