{"data":[{"id":"samsung-galaxy-s21","type":"products","attributes":{"parent_sku":"sku sample","name":"Samsung Galaxy S21","description":"sample description","status":"in-stock"},"relationships":{"brand":{"data":{"type":"brands","id":"test-brand","meta":{}},"meta":{},"links":{}}},"meta":{},"links":{}}],"links":{"first":"http:\/\/test-app\/api\/products?include=brand.media&page%5Bnumber%5D=1","last":"http:\/\/test-app\/api\/products?include=brand.media&page%5Bnumber%5D=1"},"meta":{"current_page":1,"from":1,"last_page":1,"links":[{"url":null,"label":"&laquo; Previous","active":false},{"url":"http:\/\/test-app\/api\/products?include=brand.media&page%5Bnumber%5D=1","label":"1","active":true},{"url":null,"label":"Next &raquo;","active":false}],"path":"http:\/\/test-app\/api\/products","per_page":30,"to":1,"total":1},"included":[{"id":"test-brand","type":"brands","attributes":{"name":"test brand"},"relationships":{"media":{"data":[{"type":"media","id":"1","meta":{}}],"meta":{},"links":{}}},"meta":{},"links":{}},{"id":"1","type":"media","attributes":{"collection_name":"image","file_name":"1-800x600.jpg","custom_properties":[],"generated_conversions":{"list":"http:\/\/test-app\/storage\/media\/1\/conversions\/1-800x600-list.jpg","thumb":"http:\/\/test-app\/storage\/media\/1\/conversions\/1-800x600-thumb.jpg"},"type":"image"},"relationships":{},"meta":{},"links":{}}],"jsonapi":{"version":"1.0","meta":{}}}