{"data":{"id":"samsung-galaxy-s21","type":"products","attributes":{"parent_sku":"sku sample","name":"Samsung Galaxy S21","description":"sample description","status":"in-stock"},"relationships":{"media":{"data":[{"type":"media","id":"4","meta":{}}],"meta":{},"links":{}}},"meta":{},"links":{}},"included":[{"id":"4","type":"media","attributes":{"collection_name":"image","file_name":"1-800x600.jpg","custom_properties":[],"generated_conversions":{"list":"http:\/\/test-app\/storage\/media\/4\/conversions\/1-800x600-list.jpg","thumb":"http:\/\/test-app\/storage\/media\/4\/conversions\/1-800x600-thumb.jpg"},"type":"image"},"relationships":{},"meta":{},"links":{}}],"jsonapi":{"version":"1.0","meta":{}}}