{"data":{"id":"samsung-galaxy-s21","type":"products","attributes":{"parent_sku":"sku sample","name":"Samsung Galaxy S21","description":"sample description","status":"in-stock"},"relationships":{"skus":{"data":[{"type":"skus","id":"samsung-galaxy-s21-sample-code","meta":{}}],"meta":{},"links":{}}},"meta":{},"links":{}},"included":[{"id":"samsung-galaxy-s21-sample-code","type":"skus","attributes":{"code":"sample-code","price":349},"relationships":{"media":{"data":[{"type":"media","id":"3","meta":{}}],"meta":{},"links":{}}},"meta":{},"links":{}},{"id":"3","type":"media","attributes":{"collection_name":"image","file_name":"1-800x600.jpg","custom_properties":[],"generated_conversions":{"list":"http:\/\/test-app\/storage\/media\/3\/conversions\/1-800x600-list.jpg","thumb":"http:\/\/test-app\/storage\/media\/3\/conversions\/1-800x600-thumb.jpg"},"type":"image"},"relationships":{},"meta":{},"links":{}}],"jsonapi":{"version":"1.0","meta":{}}}