{"data":{"id":"samsung-galaxy-s21","type":"products","attributes":{"parent_sku":"sku sample","name":"Samsung Galaxy S21","description":"sample description","status":"in-stock"},"relationships":{"skus":{"data":[{"type":"skus","id":"samsung-galaxy-s21-sample-code","meta":{}}],"meta":{},"links":{}}},"meta":{},"links":{}},"included":[{"id":"samsung-galaxy-s21-sample-code","type":"skus","attributes":{"code":"sample-code","price":349},"relationships":{"skuStocks":{"data":[{"type":"skuStocks","id":"1","meta":{}}],"meta":{},"links":{}}},"meta":{},"links":{}},{"id":"1","type":"skuStocks","attributes":{"type":"unlimited","count":null},"relationships":{},"meta":{},"links":{}}],"jsonapi":{"version":"1.0","meta":{}}}